Test Suite 'All tests' started at 2026-10-07 11:14:47.445.
Test Suite 'AuditUITests.xctest' started at 2026-10-07 11:14:47.445.
Test Suite 'AuditUITests' started at 2026-10-07 11:14:47.445.
Test Case '-[AuditUITests.AuditUITests testMicrophoneGrantInNativeSettings]' started.
    t =     0.00s Start Test at 2026-10-07 11:14:47.447
    t =     0.02s Set Up
    t =     0.02s Open com.apple.Preferences
    t =     0.02s     Activate com.apple.Preferences
    t =     0.02s         Wait for com.apple.Preferences to idle
    t =     0.03s Checking existence of `"MICROPHONE" Button`
    t =     0.06s Find the "MICROPHONE" Button
    t =     0.09s Checking existence of `"MICROPHONE" Button`
    t =     0.12s Tap "MICROPHONE" Button
    t =     0.12s     Wait for com.apple.Preferences to idle
    t =     0.12s     Find the "MICROPHONE" Button
    t =     0.15s     Check for interrupting elements affecting "MICROPHONE" Button
    t =     0.18s     Synthesize event
    t =     0.47s     Wait for com.apple.Preferences to idle
AUDIT_MICROPHONE_SETTINGS_BEGIN
    t =     0.88s Requesting snapshot of accessibility hierarchy for app with pid 81803
    t =     0.99s Requesting snapshot of accessibility hierarchy for app with pid 81803
Attributes: Application, 0x1077f5180, pid: 81803, label: 'Einstellungen'
Element subtree:
 →Application, 0x1077f5180, pid: 81803, label: 'Einstellungen'
    Window (Main), 0x1077f4dc0, {{0.0, 0.0}, {440.0, 956.0}}
      Other, 0x1077f5040, {{0.0, 0.0}, {440.0, 956.0}}
        Other, 0x1077f57c0, {{0.0, 0.0}, {440.0, 956.0}}
          Other, 0x1077f52c0, {{0.0, 0.0}, {440.0, 956.0}}
            Other, 0x1077f5a40, {{0.0, 0.0}, {440.0, 956.0}}
              Other, 0x1077f7700, {{0.0, 0.0}, {440.0, 956.0}}
                Other, 0x1077f7980, {{0.0, 0.0}, {440.0, 956.0}}
                  Other, 0x1077f7840, {{0.0, 0.0}, {440.0, 956.0}}
                    Other, 0x1077f7ac0, {{0.0, 0.0}, {440.0, 956.0}}
                      Other, 0x1077f7c00, {{0.0, 0.0}, {440.0, 956.0}}
                        NavigationBar, 0x1077f7d40, {{0.0, 62.0}, {440.0, 54.0}}, identifier: 'Mikrofon'
                          Button, 0x1077f7e80, {{20.0, 62.0}, {44.0, 44.0}}, identifier: 'BackButton', label: 'Datenschutz & Sicherheit'
                          StaticText, 0x1077f4640, {{184.7, 73.7}, {70.7, 20.7}}, label: 'Mikrofon'
                        Other, 0x1077f4500, {{0.0, 0.0}, {440.0, 956.0}}
                          Other, 0x1077f6f80, {{0.0, 0.0}, {440.0, 956.0}}
                            Other, 0x1077f6d00, {{0.0, 0.0}, {440.0, 956.0}}
                              Other, 0x1077f70c0, {{0.0, 0.0}, {440.0, 956.0}}
                                Other, 0x1077f7200, {{0.0, 116.0}, {440.0, 806.0}}
                                  Table, 0x1077f7480, {{0.0, 0.0}, {440.0, 956.0}}
                                    Other, 0x1077f7340, {{0.0, 116.0}, {440.0, 17.7}}
                                    Cell, 0x10769ef80, {{20.0, 133.7}, {400.0, 53.0}}, identifier: 'MICROPHONE', label: 'App Clips, 0'
                                      Other, 0x10769ebc0, {{20.0, 133.7}, {369.7, 53.0}}
                                        Other, 0x10769ed00, {{20.0, 133.7}, {369.7, 53.0}}
                                          Button, 0x10ade8000, {{38.0, 146.3}, {343.7, 28.0}}, identifier: 'MICROPHONE', label: 'App Clips, 0'
                                            Image, 0x10ade8140, {{38.0, 146.3}, {28.0, 28.0}}
                                            StaticText, 0x10ade8280, {{80.0, 150.0}, {73.3, 20.3}}, label: 'App Clips'
                                            StaticText, 0x10ade83c0, {{371.3, 150.0}, {10.3, 20.3}}, label: '0'
                                      Other, 0x10ade8500, {{20.0, 133.7}, {400.0, 53.0}}
                                        Other, 0x10ade8640, {{20.0, 133.7}, {400.0, 53.0}}
                                      Other, 0x10ade8780, {{80.0, 185.7}, {320.0, 1.0}}
                                      Button, 0x10ade88c0, {{389.7, 153.0}, {10.3, 14.0}}, label: 'chevron', Disabled
                                    Cell, 0x10ade8a00, {{20.0, 186.7}, {400.0, 53.0}}, identifier: 'com.novalist.app'
                                      Other, 0x10ade8b40, {{20.0, 186.7}, {400.0, 53.0}}
                                        Other, 0x10ade8c80, {{20.0, 186.7}, {400.0, 53.0}}
                                          Switch, 0x10ade8dc0, {{38.0, 199.3}, {362.0, 28.0}}, identifier: 'com.novalist.app', label: 'Novalist', value: 0
                                            Button, 0x10ade8f00, {{38.0, 199.3}, {28.0, 28.0}}, identifier: 'com.novalist.app'
                                            Button, 0x10ade9040, {{80.0, 203.0}, {60.7, 20.3}}, identifier: 'com.novalist.app', label: 'Novalist'
                                            Switch, 0x10ade9180, {{339.0, 199.3}, {63.0, 28.0}}, value: 0
                                    Other, 0x10ade92c0, {{0.0, 239.7}, {440.0, 46.0}}, identifier: 'Hier werden Apps angezeigt, die auf das Mikrofon zugreifen möchten.'
                                      Other, 0x10ade9400, {{20.0, 239.7}, {400.0, 46.0}}, label: 'Hier werden Apps angezeigt, die auf das Mikrofon zugreifen möchten.'
                                    Other, 0x10ade9540, {{407.0, 116.0}, {30.0, 778.0}}, label: 'Vertikaler Rollbalken, 1 Seite', value: 0 %
                                      Other, 0x10ade9680, {{434.0, 735.3}, {3.0, 155.7}}
                                    Other, 0x10ade97c0, {{62.0, 923.0}, {316.0, 30.0}}, label: 'Horizontaler Rollbalken, 1 Seite', value: 0 %
                                      Other, 0x10ade9900, {{65.0, 950.0}, {310.0, 3.0}}
                        Toolbar, 0x10ade9a40, {{0.0, 0.0}, {440.0, 956.0}}, identifier: 'Toolbar', label: 'Symbolleiste'
                          Other, 0x10ade9b80, {{0.0, 0.0}, {440.0, 956.0}}
                    Toolbar, 0x10ade9cc0, {{0.0, 0.0}, {440.0, 956.0}}, identifier: 'Toolbar', label: 'Symbolleiste'
                      Other, 0x10ade9e00, {{0.0, 0.0}, {440.0, 956.0}}
                Other, 0x10ade9f40, {{0.0, 0.0}, {440.0, 956.0}}
                  Other, 0x10adea080, {{0.0, 0.0}, {440.0, 956.0}}
    Window, 0x10adea1c0, {{0.0, 0.0}, {440.0, 956.0}}
      Other, 0x10adea300, {{0.0, 0.0}, {440.0, 956.0}}
        Other, 0x10adea440, {{0.0, 0.0}, {440.0, 956.0}}
Path to element:
 →Application, 0x1077f5180, pid: 81803, label: 'Einstellungen'
Query chain:
 →Find: Application 'com.apple.Preferences'
  Output: {
    Application, 0x10adea580, pid: 81803, label: 'Einstellungen'
  }

AUDIT_MICROPHONE_SETTINGS_END
    t =     1.00s Waiting 10.0s for "Novalist" Switch to exist
    t =     2.05s     Checking `Expect predicate `existsNoRetry == 1` for object "Novalist" Switch`
    t =     2.05s         Checking existence of `"Novalist" Switch`
    t =     2.06s Find the "Novalist" Switch
    t =     2.07s Tap "com.novalist.app" Switch
    t =     2.07s     Wait for com.apple.Preferences to idle
    t =     2.07s     Find the "com.novalist.app" Switch
    t =     2.09s     Check for interrupting elements affecting "com.novalist.app" Switch
    t =     2.10s     Synthesize event
    t =     2.40s     Wait for com.apple.Preferences to idle
    t =     2.40s Find the "com.novalist.app" Switch
<temporary-harness>/AuditUITests.swift:18: error: -[AuditUITests.AuditUITests testMicrophoneGrantInNativeSettings] : XCTAssertEqual failed: ("Optional("0")") is not equal to ("Optional("1")")
    t =     2.44s Tear Down
Test Case '-[AuditUITests.AuditUITests testMicrophoneGrantInNativeSettings]' failed (2.441 seconds).
Test Suite 'AuditUITests' failed at 2026-10-07 11:14:49.888.
	 Executed 1 test, with 1 failure (0 unexpected) in 2.441 (2.443) seconds
Test Suite 'AuditUITests.xctest' failed at 2026-10-07 11:14:49.888.
	 Executed 1 test, with 1 failure (0 unexpected) in 2.441 (2.443) seconds
Test Suite 'All tests' failed at 2026-10-07 11:14:49.888.
	 Executed 1 test, with 1 failure (0 unexpected) in 2.441 (2.443) seconds
