Test Suite 'All tests' started at 2026-10-07 11:12:19.357.
Test Suite 'AuditUITests.xctest' started at 2026-10-07 11:12:19.358.
Test Suite 'AuditUITests' started at 2026-10-07 11:12:19.358.
Test Case '-[AuditUITests.AuditUITests testMicrophoneSettingsInspection]' started.
    t =     0.00s Start Test at 2026-10-07 11:12:19.360
    t =     0.02s Set Up
    t =     0.02s Open com.apple.Preferences
    t =     0.02s     Launch com.apple.Preferences
    t =     0.05s         Setting up automation session
    t =     2.14s         Wait for com.apple.Preferences to idle
AUDIT_IOS_SETTINGS_BEGIN
    t =     4.62s Requesting snapshot of accessibility hierarchy for app with pid 81803
    t =     4.86s Requesting snapshot of accessibility hierarchy for app with pid 81803
Attributes: Application, 0x106e870c0, pid: 81803, label: 'Einstellungen'
Element subtree:
 →Application, 0x106e870c0, pid: 81803, label: 'Einstellungen'
    Window (Main), 0x106e87340, {{0.0, 0.0}, {440.0, 956.0}}
      Other, 0x106e87480, {{0.0, 0.0}, {440.0, 956.0}}
        Other, 0x106e87700, {{0.0, 0.0}, {440.0, 956.0}}
          Other, 0x106e87840, {{0.0, 0.0}, {440.0, 956.0}}
            Other, 0x106e875c0, {{0.0, 0.0}, {440.0, 956.0}}
              Other, 0x106e84780, {{0.0, 0.0}, {440.0, 956.0}}
                Other, 0x106e84f00, {{0.0, 0.0}, {440.0, 956.0}}
                  Other, 0x106fd0500, {{0.0, 0.0}, {440.0, 956.0}}
                    Other, 0x106fd17c0, {{0.0, 0.0}, {440.0, 956.0}}
                      Other, 0x106fd0a00, {{0.0, 0.0}, {440.0, 956.0}}
                        NavigationBar, 0x106fd0dc0, {{0.0, 62.0}, {440.0, 106.0}}, identifier: 'Einstellungen'
                          StaticText, 0x106fd0f00, {{20.0, 119.7}, {214.7, 40.7}}, label: 'Einstellungen'
                        Other, 0x106fd0b40, {{0.0, 0.0}, {440.0, 956.0}}
                          Other, 0x106fd0c80, {{0.0, 0.0}, {440.0, 956.0}}
                            Other, 0x106fd1040, {{0.0, 0.0}, {440.0, 956.0}}
                              Other, 0x106fd1180, {{0.0, 0.0}, {440.0, 956.0}}
                                CollectionView, 0x106fd1680, {{0.0, 0.0}, {440.0, 956.0}}, identifier: 'com.apple.settings.sidebar.collectionView'
                                  Other, 0x106fd1a40, {{-20.0, -1744.0}, {480.0, 2038.0}}
                                  Other, 0x106fd1b80, {{0.0, 0.0}, {440.0, 956.0}}
                                    Other, 0x106fd1900, {{0.0, 0.0}, {440.0, 102.0}}
                                    Other, 0x106fd1cc0, {{0.0, 830.0}, {440.0, 126.0}}
                                  Other, 0x106fd2080, {{0.0, 0.0}, {440.0, 956.0}}
                                    Other, 0x106fd21c0, {{0.0, 830.0}, {440.0, 126.0}}
                                  Cell, 0x106fd1e00, {{20.0, 168.0}, {400.0, 108.3}}
                                    Other, 0x106fd2300, {{20.0, 168.0}, {400.0, 108.3}}
                                      Other, 0x106fd2580, {{20.0, 168.0}, {400.0, 108.3}}
                                    Other, 0x106fd26c0, {{20.0, 168.0}, {400.0, 108.3}}
                                      Other, 0x106fd1f40, {{20.0, 168.0}, {400.0, 108.3}}
                                        Other, 0x106fd2800, {{20.0, 168.0}, {400.0, 108.3}}
                                          Button, 0x106fd2a80, {{20.0, 168.0}, {400.0, 108.3}}, identifier: 'com.apple.settings.primaryAppleAccount', label: 'Apple Account, Melde dich an, um auf deine iCloud-Daten, den App Store, Apple-Dienste und mehr zuzugreifen.'
                                            StaticText, 0x106fd2bc0, {{108.0, 183.0}, {138.3, 24.0}}, label: 'Apple Account'
                                            Image, 0x106fd2940, {{40.0, 192.3}, {60.0, 60.0}}, identifier: 'apple.id', label: 'apple.id'
                                            StaticText, 0x106fd2d00, {{108.0, 209.7}, {262.3, 51.7}}, label: 'Melde dich an, um auf deine iCloud-Daten, den App Store, Apple-Dienste und mehr zuzugreifen.'
                                            Image, 0x106fd2e40, {{390.7, 216.3}, {7.0, 12.0}}, identifier: 'chevron.forward'
                                  Other, 0x106fd30c0, {{-20.0, 294.0}, {480.0, 87.0}}
                                  Cell, 0x106fd2f80, {{20.0, 311.3}, {400.0, 52.0}}
                                    Other, 0x106fd3200, {{20.0, 311.3}, {400.0, 52.0}}
                                      Other, 0x106fd3340, {{20.0, 311.3}, {400.0, 52.0}}
                                    Other, 0x106fd35c0, {{20.0, 311.3}, {400.0, 52.0}}
                                      Other, 0x106fd3480, {{20.0, 311.3}, {400.0, 52.0}}
                                        Other, 0x106fd3700, {{20.0, 311.3}, {400.0, 52.0}}
                                          Button, 0x106fd3840, {{20.0, 311.3}, {400.0, 52.0}}, identifier: 'com.apple.settings.spotlightIndexingProgress', label: 'Suche und Siri optimieren'
                                            Image, 0x106fd3980, {{38.0, 323.3}, {28.0, 28.0}}
                                            StaticText, 0x106fd3c00, {{38.0, 323.3}, {237.0, 28.0}}, label: 'Suche und Siri optimieren'
                                            Image, 0x106fd3d40, {{390.7, 331.3}, {7.0, 12.0}}, identifier: 'chevron.forward'
                                  Other, 0x106fd3ac0, {{-20.0, 381.0}, {480.0, 503.0}}
                                  Cell, 0x106fd0000, {{20.0, 398.3}, {400.0, 52.0}}
                                    Other, 0x10a598000, {{20.0, 398.3}, {400.0, 52.0}}
                                      Other, 0x10a598140, {{20.0, 398.3}, {400.0, 52.0}}
                                    Other, 0x10a598280, {{20.0, 398.3}, {400.0, 52.0}}
                                      Other, 0x10a5983c0, {{20.0, 398.3}, {400.0, 52.0}}
                                        Other, 0x10a598500, {{20.0, 398.3}, {400.0, 52.0}}
                                          Button, 0x10a598640, {{20.0, 398.3}, {400.0, 52.0}}, identifier: 'com.apple.settings.general', label: 'Allgemein'
                                            Image, 0x10a598780, {{38.0, 410.3}, {28.0, 28.0}}
                                            StaticText, 0x10a5988c0, {{38.0, 410.3}, {117.0, 28.0}}, label: 'Allgemein'
                                            Image, 0x10a598a00, {{390.7, 418.3}, {7.0, 12.0}}, identifier: 'chevron.forward'
                                  Cell, 0x10a598b40, {{20.0, 450.3}, {400.0, 52.0}}
                                    Other, 0x10a598c80, {{20.0, 450.3}, {400.0, 52.0}}
                                      Other, 0x10a598dc0, {{20.0, 450.3}, {400.0, 52.0}}
                                    Other, 0x10a598f00, {{20.0, 450.3}, {400.0, 52.0}}
                                      Other, 0x10a599040, {{20.0, 450.3}, {400.0, 52.0}}
                                        Other, 0x10a599180, {{20.0, 450.3}, {400.0, 52.0}}
                                          Button, 0x10a5992c0, {{20.0, 450.3}, {400.0, 52.0}}, identifier: 'com.apple.settings.accessibility', label: 'Bedienungshilfen'
                                            Image, 0x10a599400, {{38.0, 462.3}, {28.0, 28.0}}
                                            StaticText, 0x10a599540, {{38.0, 462.3}, {173.3, 28.0}}, label: 'Bedienungshilfen'
                                            Image, 0x10a599680, {{390.7, 470.3}, {7.0, 12.0}}, identifier: 'chevron.forward'
                                  Other, 0x10a5997c0, {{80.0, 449.3}, {320.0, 1.0}}
                                  Cell, 0x10a599900, {{20.0, 502.3}, {400.0, 52.0}}
                                    Other, 0x10a599a40, {{20.0, 502.3}, {400.0, 52.0}}
                                      Other, 0x10a599b80, {{20.0, 502.3}, {400.0, 52.0}}
                                    Other, 0x10a599cc0, {{20.0, 502.3}, {400.0, 52.0}}
                                      Other, 0x10a599e00, {{20.0, 502.3}, {400.0, 52.0}}
                                        Other, 0x10a599f40, {{20.0, 502.3}, {400.0, 52.0}}
                                          Button, 0x10a59a080, {{20.0, 502.3}, {400.0, 52.0}}, identifier: 'com.apple.settings.actionButton', label: 'Aktionstaste'
                                            StaticText, 0x10a59a1c0, {{38.0, 514.3}, {137.0, 28.0}}, label: 'Aktionstaste'
                                            Image, 0x10a59a300, {{38.0, 514.3}, {28.0, 28.0}}
                                            Image, 0x10a59a440, {{390.7, 522.3}, {7.0, 12.0}}, identifier: 'chevron.forward'
                                  Other, 0x10a59a580, {{80.0, 501.3}, {320.0, 1.0}}
                                  Cell, 0x10a59a6c0, {{20.0, 554.3}, {400.0, 52.0}}
                                    Other, 0x10a59a800, {{20.0, 554.3}, {400.0, 52.0}}
                                      Other, 0x10a59a940, {{20.0, 554.3}, {400.0, 52.0}}
                                    Other, 0x10a59aa80, {{20.0, 554.3}, {400.0, 52.0}}
                                      Other, 0x10a59abc0, {{20.0, 554.3}, {400.0, 52.0}}
                                        Other, 0x10a59ad00, {{20.0, 554.3}, {400.0, 52.0}}
                                          Button, 0x10a59ae40, {{20.0, 554.3}, {400.0, 52.0}}, identifier: 'com.apple.settings.appearance', label: 'Erscheinungsbild'
                                            StaticText, 0x10a59af80, {{38.0, 566.3}, {172.3, 28.0}}, label: 'Erscheinungsbild'
                                            Image, 0x10a59b0c0, {{38.0, 566.3}, {28.0, 28.0}}
                                            Image, 0x10a59b200, {{390.7, 574.3}, {7.0, 12.0}}, identifier: 'chevron.forward'
                                  Other, 0x10a59b340, {{80.0, 553.3}, {320.0, 1.0}}
                                  Cell, 0x10a59b480, {{20.0, 606.3}, {400.0, 52.0}}
                                    Other, 0x10a59b5c0, {{20.0, 606.3}, {400.0, 52.0}}
                                      Other, 0x10a59b700, {{20.0, 606.3}, {400.0, 52.0}}
                                    Other, 0x10a59b840, {{20.0, 606.3}, {400.0, 52.0}}
                                      Other, 0x10a59b980, {{20.0, 606.3}, {400.0, 52.0}}
                                        Other, 0x10a59bac0, {{20.0, 606.3}, {400.0, 52.0}}
                                          Button, 0x10a59bc00, {{20.0, 606.3}, {400.0, 52.0}}, identifier: 'com.apple.settings.homeScreen', label: 'Home-Bildschirm & App-Mediathek'
                                            StaticText, 0x10a59bd40, {{38.0, 618.3}, {313.7, 28.0}}, label: 'Home-Bildschirm & App-Mediathek'
                                            Image, 0x10a59be80, {{38.0, 618.3}, {28.0, 28.0}}
                                            Image, 0x10a5a0000, {{390.7, 626.3}, {7.0, 12.0}}, identifier: 'chevron.forward'
                                  Other, 0x10a5a0140, {{80.0, 605.3}, {320.0, 1.0}}
                                  Cell, 0x10a5a0280, {{20.0, 658.3}, {400.0, 52.0}}
                                    Other, 0x10a5a03c0, {{20.0, 658.3}, {400.0, 52.0}}
                                      Other, 0x10a5a0500, {{20.0, 658.3}, {400.0, 52.0}}
                                    Other, 0x10a5a0640, {{20.0, 658.3}, {400.0, 52.0}}
                                      Other, 0x10a5a0780, {{20.0, 658.3}, {400.0, 52.0}}
                                        Other, 0x10a5a08c0, {{20.0, 658.3}, {400.0, 52.0}}
                                          Button, 0x10a5a0a00, {{20.0, 658.3}, {400.0, 52.0}}, identifier: 'com.apple.settings.camera', label: 'Kamera'
                                            StaticText, 0x10a5a0b40, {{38.0, 670.3}, {100.3, 28.0}}, label: 'Kamera'
                                            Image, 0x10a5a0c80, {{38.0, 670.3}, {28.0, 28.0}}
                                            Image, 0x10a5a0dc0, {{390.7, 678.3}, {7.0, 12.0}}, identifier: 'chevron.forward'
                                  Other, 0x10a5a0f00, {{80.0, 657.3}, {320.0, 1.0}}
                                  Cell, 0x10a5a1040, {{20.0, 710.3}, {400.0, 52.0}}
                                    Other, 0x10a5a1180, {{20.0, 710.3}, {400.0, 52.0}}
                                      Other, 0x10a5a12c0, {{20.0, 710.3}, {400.0, 52.0}}
                                    Other, 0x10a5a1400, {{20.0, 710.3}, {400.0, 52.0}}
                                      Other, 0x10a5a1540, {{20.0, 710.3}, {400.0, 52.0}}
                                        Other, 0x10a5a1680, {{20.0, 710.3}, {400.0, 52.0}}
                                          Button, 0x10a5a17c0, {{20.0, 710.3}, {400.0, 52.0}}, identifier: 'com.apple.settings.siri', label: 'Siri'
                                            StaticText, 0x10a5a1900, {{38.0, 722.3}, {66.0, 28.0}}, label: 'Siri'
                                            Image, 0x10a5a1a40, {{38.0, 722.3}, {28.0, 28.0}}
                                            Image, 0x10a5a1b80, {{390.7, 730.3}, {7.0, 12.0}}, identifier: 'chevron.forward'
                                  Other, 0x10a5a1cc0, {{80.0, 709.3}, {320.0, 1.0}}
                                  Cell, 0x10a5a1e00, {{20.0, 762.3}, {400.0, 52.0}}
                                    Other, 0x10a5a1f40, {{20.0, 762.3}, {400.0, 52.0}}
                                      Other, 0x10a5a2080, {{20.0, 762.3}, {400.0, 52.0}}
                                    Other, 0x10a5a21c0, {{20.0, 762.3}, {400.0, 52.0}}
                                      Other, 0x10a5a2300, {{20.0, 762.3}, {400.0, 52.0}}
                                        Other, 0x10a5a2440, {{20.0, 762.3}, {400.0, 52.0}}
                                          Button, 0x10a5a2580, {{20.0, 762.3}, {400.0, 52.0}}, identifier: 'com.apple.settings.standBy', label: 'Standby'
                                            StaticText, 0x10a5a26c0, {{38.0, 774.3}, {105.3, 28.0}}, label: 'Standby'
                                            Image, 0x10a5a2800, {{38.0, 774.3}, {28.0, 28.0}}
                                            Image, 0x10a5a2940, {{390.7, 782.3}, {7.0, 12.0}}, identifier: 'chevron.forward'
                                  Other, 0x10a5a2a80, {{80.0, 761.3}, {320.0, 1.0}}
                                  Cell, 0x10a5a2bc0, {{20.0, 814.3}, {400.0, 52.0}}
                                    Other, 0x10a5a2d00, {{20.0, 814.3}, {400.0, 52.0}}
                                      Other, 0x10a5a2e40, {{20.0, 814.3}, {400.0, 52.0}}
                                    Other, 0x10a5a2f80, {{20.0, 814.3}, {400.0, 52.0}}
                                      Other, 0x10a5a30c0, {{20.0, 814.3}, {400.0, 52.0}}
                                        Other, 0x10a5a3200, {{20.0, 814.3}, {400.0, 52.0}}
                                          Button, 0x10a5a3340, {{20.0, 814.3}, {400.0, 52.0}}, identifier: 'com.apple.settings.search', label: 'Suchen'
                                            StaticText, 0x10a5a3480, {{38.0, 826.3}, {99.3, 28.0}}, label: 'Suchen'
                                            Image, 0x10a5a35c0, {{38.0, 826.3}, {28.0, 28.0}}
                                            Image, 0x10a5a3700, {{390.7, 834.3}, {7.0, 12.0}}, identifier: 'chevron.forward'
                                  Other, 0x10a5a3840, {{80.0, 813.3}, {320.0, 1.0}}
                                  Other, 0x10a5a3980, {{-20.0, 884.0}, {480.0, 87.0}}
                                  Cell, 0x10a5a3ac0, {{20.0, 901.3}, {400.0, 52.0}}
                                    Other, 0x10a5a3c00, {{20.0, 901.3}, {400.0, 52.0}}
                                      Other, 0x10a5a3d40, {{20.0, 901.3}, {400.0, 52.0}}
                                    Other, 0x10a5a3e80, {{20.0, 901.3}, {400.0, 52.0}}
                                      Other, 0x10a5b8000, {{20.0, 901.3}, {400.0, 52.0}}
                                        Other, 0x10a5b8140, {{20.0, 901.3}, {400.0, 52.0}}
                                          Button, 0x10a5b8280, {{20.0, 901.3}, {400.0, 52.0}}, identifier: 'com.apple.settings.screenTime', label: 'Bildschirmzeit'
                                            StaticText, 0x10a5b83c0, {{38.0, 913.3}, {149.3, 28.0}}, label: 'Bildschirmzeit'
                                            Image, 0x10a5b8500, {{38.0, 913.3}, {28.0, 28.0}}
                                            Image, 0x10a5b8640, {{390.7, 921.3}, {7.0, 12.0}}, identifier: 'chevron.forward'
                                  Other, 0x10a5b8780, {{407.0, 116.0}, {30.0, 778.0}}, label: 'Vertikaler Rollbalken, 2 Seiten', value: 0 %
                                    Other, 0x10a5b88c0, {{434.0, 119.0}, {3.0, 518.0}}
                                  Other, 0x10a5b8a00, {{407.0, 116.0}, {30.0, 778.0}}, label: 'Vertikaler Rollbalken, 2 Seiten', value: 0 %
                                    Other, 0x10a5b8b40, {{434.0, 119.0}, {3.0, 518.0}}
                                Other, 0x10a5b8c80, {{220.0, 519.0}, {0.0, 0.0}}
                        Toolbar, 0x10a5b8dc0, {{0.0, 0.0}, {440.0, 956.0}}, identifier: 'Toolbar', label: 'Symbolleiste'
                          Other, 0x10a5b8f00, {{0.0, 0.0}, {440.0, 956.0}}
                            Other, 0x10a5b9040, {{0.0, 62.0}, {440.0, 894.0}}
                              Other, 0x10a5b9180, {{0.0, 62.0}, {440.0, 894.0}}
                                Other, 0x10a5b92c0, {{0.0, 62.0}, {0.0, 0.0}}
                                  Other, 0x10a5b9400, {{28.0, 880.0}, {384.0, 48.0}}
                                    Other, 0x10a5b9540, {{28.0, 880.0}, {384.0, 48.0}}
                                      Other, 0x10a5b9680, {{28.0, 890.0}, {384.0, 28.0}}
                                        SearchField, 0x10a5b97c0, {{28.0, 890.0}, {384.0, 28.0}}, label: 'Suchen', placeholderValue: 'Suchen'
                                          Button, 0x10a5b9900, {{379.7, 893.0}, {17.3, 22.0}}, identifier: 'Dictate', label: 'Diktieren'
                                          Image, 0x10a5b9a40, {{40.0, 894.0}, {20.7, 19.3}}, identifier: 'magnifyingglass', label: 'Suchen'
                                          Button, 0x10a5b9b80, {{379.7, 893.0}, {17.3, 22.0}}, identifier: 'Dictate', label: 'Diktieren'
                    Toolbar, 0x10a5b9cc0, {{0.0, 0.0}, {440.0, 956.0}}, identifier: 'Toolbar', label: 'Symbolleiste'
                      Other, 0x10a5b9e00, {{0.0, 0.0}, {440.0, 956.0}}
                Other, 0x10a5b9f40, {{0.0, 0.0}, {440.0, 956.0}}
                  Other, 0x10a5ba080, {{0.0, 0.0}, {440.0, 956.0}}
Path to element:
 →Application, 0x106e870c0, pid: 81803, label: 'Einstellungen'
Query chain:
 →Find: Application 'com.apple.Preferences'
  Output: {
    Application, 0x10a5ba1c0, pid: 81803, label: 'Einstellungen'
  }

AUDIT_IOS_SETTINGS_END
    t =     4.89s Tear Down
Test Case '-[AuditUITests.AuditUITests testMicrophoneSettingsInspection]' passed (5.108 seconds).
Test Suite 'AuditUITests' passed at 2026-10-07 11:12:24.468.
	 Executed 1 test, with 0 failures (0 unexpected) in 5.108 (5.110) seconds
Test Suite 'AuditUITests.xctest' passed at 2026-10-07 11:12:24.468.
	 Executed 1 test, with 0 failures (0 unexpected) in 5.108 (5.110) seconds
Test Suite 'All tests' passed at 2026-10-07 11:12:24.468.
	 Executed 1 test, with 0 failures (0 unexpected) in 5.108 (5.111) seconds
2026-10-07 11:12:24.752 xcodebuild[81781:3036347] [MT] IDETestOperationsObserverDebug: 7.857 elapsed -- Testing started completed.
2026-10-07 11:12:24.752 xcodebuild[81781:3036347] [MT] IDETestOperationsObserverDebug: 0.000 sec, +0.000 sec -- start
2026-10-07 11:12:24.752 xcodebuild[81781:3036347] [MT] IDETestOperationsObserverDebug: 7.857 sec, +7.857 sec -- end

Test session results, code coverage, and logs:
	<temporary-harness>/microphone-settings-inspect.xcresult

** TEST SUCCEEDED **

Testing started
