Test Suite 'All tests' started at 2026-10-07 10:45:38.031.
Test Suite 'AuditUITests.xctest' started at 2026-10-07 10:45:38.032.
Test Suite 'AuditUITests' started at 2026-10-07 10:45:38.032.
Test Case '-[AuditUITests.AuditUITests testResearchBackgroundTerminateRelaunch]' started.
    t =     0.00s Start Test at 2026-10-07 10:45:38.034
    t =     0.02s Set Up
    t =     0.02s Open com.novalist.app
    t =     0.02s     Activate com.novalist.app
    t =     0.02s         Wait for com.novalist.app to idle
    t =     0.03s Waiting 10.0s for "Title" TextField to exist
    t =     1.08s     Checking `Expect predicate `existsNoRetry == 1` for object "Title" TextField`
    t =     1.08s         Checking existence of `"Title" TextField`
    t =     1.12s Tap "Title" TextField
    t =     1.12s     Wait for com.novalist.app to idle
    t =     1.12s     Find the "Title" TextField
    t =     1.14s     Check for interrupting elements affecting "Title" TextField
    t =     1.17s         Wait for com.apple.springboard to idle
    t =     1.18s     Synthesize event
    t =     1.46s     Wait for com.novalist.app to idle
    t =     1.76s Type 'Audit Research Alp...' into "Title" TextField
    t =     1.76s     Wait for com.novalist.app to idle
    t =     1.78s     Find the "Title" TextField
    t =     1.80s     Check for interrupting elements affecting "Title" TextField
    t =     1.83s         Wait for com.apple.springboard to idle
    t =     2.19s     Synthesize event
    t =     2.73s     Wait for com.novalist.app to idle
    t =     2.73s Tap "Content" TextView
    t =     2.73s     Wait for com.novalist.app to idle
    t =     2.74s     Find the "Content" TextView
    t =     2.77s     Check for interrupting elements affecting "Notes / URL / file path" TextView
    t =     2.80s         Wait for com.apple.springboard to idle
    t =     2.82s     Synthesize event
    t =     3.10s     Wait for com.novalist.app to idle
    t =     3.40s Type 'AUDIT_RESEARCH_HOM...' into "Notes / URL / file path" TextView
    t =     3.40s     Wait for com.novalist.app to idle
    t =     3.40s     Find the "Notes / URL / file path" TextView
    t =     3.43s     Check for interrupting elements affecting "Notes / URL / file path" TextView
    t =     3.46s         Wait for com.apple.springboard to idle
    t =     3.48s     Synthesize event
    t =     4.14s     Wait for com.novalist.app to idle
    t =     4.14s Pressing Home button
    t =     4.61s Terminate com.novalist.app:64432
    t =     5.66s Open com.novalist.app
    t =     5.66s     Launch com.novalist.app
    t =     5.69s         Setting up automation session
    t =     8.20s         Wait for com.novalist.app to idle
    t =     9.89s Waiting 20.0s for "Select Audit Tablet Book — Audit Tablet Fixture" Switch to exist
    t =    10.92s     Checking `Expect predicate `existsNoRetry == 1` for object "Select Audit Tablet Book — Audit Tablet Fixture" Switch`
    t =    10.92s         Checking existence of `"Select Audit Tablet Book — Audit Tablet Fixture" Switch`
    t =    10.97s Double tap "Select Audit Tablet Book — Audit Tablet Fixture" Switch
    t =    10.97s     Wait for com.novalist.app to idle
    t =    10.97s     Find the "Select Audit Tablet Book — Audit Tablet Fixture" Switch
    t =    10.98s     Check for interrupting elements affecting "Select Audit Tablet Book — Audit Tablet Fixture" Switch
    t =    11.00s         Wait for com.apple.springboard to idle
    t =    11.01s     Synthesize event
    t =    11.35s     Wait for com.novalist.app to idle
    t =    11.36s Waiting 3.0s for "Research" StaticText to exist
    t =    12.39s     Checking `Expect predicate `existsNoRetry == 1` for object "Research" StaticText`
    t =    12.39s         Checking existence of `"Research" StaticText`
    t =    12.43s Waiting 10.0s for "Research" StaticText to exist
    t =    13.46s     Checking `Expect predicate `existsNoRetry == 1` for object "Research" StaticText`
    t =    13.47s         Checking existence of `"Research" StaticText`
    t =    13.49s Tap "Research" StaticText
    t =    13.49s     Wait for com.novalist.app to idle
    t =    13.50s     Find the "Research" StaticText
    t =    13.51s     Check for interrupting elements affecting "Research" StaticText
    t =    13.56s         Wait for com.apple.springboard to idle
    t =    13.57s     Synthesize event
    t =    13.86s     Wait for com.novalist.app to idle
    t =    13.91s Waiting 10.0s for Button (First Match) to exist
    t =    14.94s     Checking `Expect predicate `existsNoRetry == 1` for object Button (First Match)`
    t =    14.94s         Checking existence of `Button (First Match)`
    t =    14.96s Tap Button (First Match)
    t =    14.96s     Wait for com.novalist.app to idle
    t =    14.97s     Find the Button (First Match)
    t =    14.99s     Check for interrupting elements affecting "Audit Research AlphaTitle Note" Button
    t =    15.01s         Wait for com.apple.springboard to idle
    t =    15.02s     Synthesize event
    t =    15.30s     Wait for com.novalist.app to idle
    t =    15.30s Waiting 10.0s for "Notes / URL / file path" TextView to exist
    t =    16.34s     Checking `Expect predicate `existsNoRetry == 1` for object "Notes / URL / file path" TextView`
    t =    16.34s         Checking existence of `"Notes / URL / file path" TextView`
    t =    16.38s Find the "Notes / URL / file path" TextView
AUDIT_RESEARCH_BACKGROUND_TERMINATE_RELAUNCH_PASS
    t =    16.41s Find the Application 'com.novalist.app'
    t =    16.51s Added attachment named 'research-after-relaunch'
    t =    16.51s Tear Down
Test Case '-[AuditUITests.AuditUITests testResearchBackgroundTerminateRelaunch]' passed (16.748 seconds).
Test Suite 'AuditUITests' passed at 2026-10-07 10:45:54.782.
	 Executed 1 test, with 0 failures (0 unexpected) in 16.748 (16.751) seconds
Test Suite 'AuditUITests.xctest' passed at 2026-10-07 10:45:54.783.
	 Executed 1 test, with 0 failures (0 unexpected) in 16.748 (16.751) seconds
Test Suite 'All tests' passed at 2026-10-07 10:45:54.783.
	 Executed 1 test, with 0 failures (0 unexpected) in 16.748 (16.752) seconds
2026-10-07 10:45:55.074 xcodebuild[67033:2895932] [MT] IDETestOperationsObserverDebug: 19.532 elapsed -- Testing started completed.
2026-10-07 10:45:55.074 xcodebuild[67033:2895932] [MT] IDETestOperationsObserverDebug: 0.000 sec, +0.000 sec -- start
2026-10-07 10:45:55.074 xcodebuild[67033:2895932] [MT] IDETestOperationsObserverDebug: 19.532 sec, +19.532 sec -- end

Test session results, code coverage, and logs:
	<temporary-harness>/research-lifecycle.xcresult

** TEST SUCCEEDED **

Testing started
